../Core/Src/main.c:119:5:main	72	static
../Core/Src/main.c:214:6:SystemClock_Config	88	static
../Core/Src/main.c:259:6:PeriphCommonClock_Config	32	static
../Core/Src/main.c:280:13:MX_I2C1_Init	8	static
../Core/Src/main.c:314:13:MX_I2S2_Init	8	static
../Core/Src/main.c:348:13:MX_I2S3_Init	8	static
../Core/Src/main.c:382:13:MX_SPI1_Init	8	static
../Core/Src/main.c:420:13:MX_GPIO_Init	56	static
../Core/Src/main.c:496:6:StartDefaultTask	24	static
../Core/Src/main.c:745:6:prvUserButtonTask	24	static
../Core/Src/main.c:815:6:processCommand	16	static
../Core/Src/main.c:857:6:StartLightSet1tTask	16	static
../Core/Src/main.c:909:6:StartLightSet2Task	24	static
../Core/Src/main.c:975:6:Error_Handler	4	static,ignoring_inline_asm
../Core/Src/main.c:987:6:Init_OnBoard_LEDs	80	static
../Core/Src/main.c:1007:6:configure_Button	32	static
../Core/Src/main.c:1017:6:configure_Commands_Button	104	static
../Core/Src/main.c:1053:9:Read_User_Button	24	static
